[docs.python.org/3/tutorial/index.html]
[backblue.gif]
[fade.gif]
[index.html]
[docs.python.org/3/tutorial/index-2.html]
[docs.python.org/3.14/_images/social_previews/summary_tutorial_index_4224eef5.png]
[docs.python.org/3/_static/pygments4d59.css]
[docs.python.org/3/_static/classic6a37.css]
[docs.python.org/3/_static/pydocthemebf9e.css]
[docs.python.org/3/_static/pygments_dark7c22.css]
[docs.python.org/3/_static/documentation_optionsbc3f.js]
[docs.python.org/3/_static/doctoolsb5e9.js]
[docs.python.org/3/_static/sphinx_highlight7f57.js]
[docs.python.org/3/_static/sidebar.js]
[docs.python.org/3/tutorial/appetite.html]
[analytics.python.org/js/script.file-downloads.outbound-links.js]
[docs.python.org/3/_static/pydoctheme_dark.css]
[docs.python.org/3/_static/copybutton.js]
[docs.python.org/3/_static/menu.js]
[docs.python.org/3/_static/search-focus.js]
[docs.python.org/3/_static/themetoggle.js]
[docs.python.org/3/_static/rtd_switcher.js]
[docs.python.org/3/tutorial/interpreter.html]
[docs.python.org/3/tutorial/introduction.html]
[docs.python.org/3/tutorial/controlflow.html]
[docs.python.org/3/tutorial/datastructures.html]
[docs.python.org/3/tutorial/modules.html]
[docs.python.org/3/tutorial/inputoutput.html]
[docs.python.org/3/tutorial/errors.html]
[docs.python.org/3/tutorial/classes.html]
[docs.python.org/3/tutorial/stdlib.html]
[docs.python.org/3/tutorial/stdlib2.html]
[docs.python.org/3/tutorial/venv.html]
[docs.python.org/3/tutorial/whatnow.html]
[docs.python.org/3/tutorial/interactive.html]
[docs.python.org/3/tutorial/floatingpoint.html]
[docs.python.org/3/tutorial/appendix.html]
[docs.python.org/3/_static/switchers.js]
[docs.python.org/3/tutorial/index.html]
[docs.python.org/3/tutorial/index-2.html]
[docs.python.org/3/_static/pygments4d59.css]
[docs.python.org/3/_static/basic.css]
[docs.python.org/3/_static/classic6a37.css]
[docs.python.org/3/_static/pydocthemebf9e.css]
[docs.python.org/3/_static/pygments_dark7c22.css]
[docs.python.org/3.14/_images/social_previews/summary_tutorial_appetite_f14b9c18.png]
[docs.python.org/3/tutorial/appetite.html]
[docs.python.org/3/_static/pydoctheme_dark.css]
[docs.python.org/3.14/_images/social_previews/summary_tutorial_interpreter_1e63b904.png]
[docs.python.org/3/tutorial/interpreter.html]
[docs.python.org/3.14/_images/social_previews/summary_tutorial_introduction_dca1cd17.png]
[docs.python.org/3/tutorial/introduction.html]
[docs.python.org/3.14/_images/social_previews/summary_tutorial_controlflow_a44c5fc7.png]
[docs.python.org/3/tutorial/controlflow.html]
[docs.python.org/3.14/_images/social_previews/summary_tutorial_datastructures_5322edaa.png]
[docs.python.org/3/tutorial/datastructures.html]
[docs.python.org/3.14/_images/social_previews/summary_tutorial_modules_2da1f578.png]
[docs.python.org/3/tutorial/modules.html]
[docs.python.org/3.14/_images/social_previews/summary_tutorial_inputoutput_a32b759c.png]
[docs.python.org/3/tutorial/inputoutput.html]
[docs.python.org/3.14/_images/social_previews/summary_tutorial_errors_8039602e.png]
[docs.python.org/3/tutorial/errors.html]
[docs.python.org/3.14/_images/social_previews/summary_tutorial_classes_5343cc48.png]
[docs.python.org/3/tutorial/classes.html]
[docs.python.org/3.14/_images/social_previews/summary_tutorial_stdlib_0865b881.png]
[docs.python.org/3/tutorial/stdlib.html]
[docs.python.org/3.14/_images/social_previews/summary_tutorial_stdlib2_784239a1.png]
[docs.python.org/3/tutorial/stdlib2.html]
[docs.python.org/3.14/_images/social_previews/summary_tutorial_venv_56f836f1.png]
[docs.python.org/3/tutorial/venv.html]
[docs.python.org/3.14/_images/social_previews/summary_tutorial_whatnow_ebc074df.png]
[docs.python.org/3/tutorial/whatnow.html]
[docs.python.org/3.14/_images/social_previews/summary_tutorial_interactive_6381553c.png]
[docs.python.org/3/tutorial/interactive.html]
[docs.python.org/3.14/_images/social_previews/summary_tutorial_floatingpoint_c638e124.png]
[docs.python.org/3/tutorial/floatingpoint.html]
[docs.python.org/3.14/_images/social_previews/summary_tutorial_appendix_6c41129c.png]
[docs.python.org/3/tutorial/appendix.html]
[docs.python.org/3/_static/basic.css]
